renan@DESKTOP-Q658LC9 MINGW64 ~/OneDrive/Área de Trabalho
$ mkdir atividade-introducao-informatica

renan@DESKTOP-Q658LC9 MINGW64 ~/OneDrive/Área de Trabalho
$ cd atividade-introducao-informatica

renan@DESKTOP-Q658LC9 MINGW64 ~/OneDrive/Área de Trabalho/atividade-introducao-informatica
$ git remote add origin https://github.com/RenanMiranda95/introducao-informatica-atividade.git
fatal: not a git repository (or any of the parent directories): .git

renan@DESKTOP-Q658LC9 MINGW64 ~/OneDrive/Área de Trabalho/atividade-introducao-informatica
$ git init
Initialized empty Git repository in C:/Users/renan/OneDrive/Área de Trabalho/atividade-introducao-informatica/.git/

renan@DESKTOP-Q658LC9 MINGW64 ~/OneDrive/Área de Trabalho/atividade-introducao-informatica (master)
$ git remote add origin https://github.com/RenanMiranda95/introducao-informatica-atividade.git

renan@DESKTOP-Q658LC9 MINGW64 ~/OneDrive/Área de Trabalho/atividade-introducao-informatica (master)
$ touch README.md


edusr@ERusso MINGW64 ~
$ cd onedrive

edusr@ERusso MINGW64 ~/onedrive
$ cd introducao
bash: cd: introducao: No such file or directory

edusr@ERusso MINGW64 ~/onedrive
$ cd CTD

edusr@ERusso MINGW64 ~/onedrive/CTD
$ cd Introdução

edusr@ERusso MINGW64 ~/onedrive/CTD/Introdução (master)
$ mkdir Atividade2

edusr@ERusso MINGW64 ~/onedrive/CTD/Introdução (master)
$ git init
Reinitialized existing Git repository in C:/Users/edusr/OneDrive/CTD/Introdução/.git/

edusr@ERusso MINGW64 ~/onedrive/CTD/Introdução (master)
$ cd Atividade2

edusr@ERusso MINGW64 ~/onedrive/CTD/Introdução/Atividade2 (master)
$ git init
Initialized empty Git repository in C:/Users/edusr/OneDrive/CTD/Introdução/Atividade2/.git/

edusr@ERusso MINGW64 ~/onedrive/CTD/Introdução/Atividade2 (master)
$ git clone https://github.com/RenanMiranda95/introducao-informatica-atividade
Cloning into 'introducao-informatica-atividade'...
remote: Enumerating objects: 3, done.
remote: Counting objects: 100% (3/3), done.
remote: Total 3 (delta 0), reused 3 (delta 0), pack-reused 0
Receiving objects: 100% (3/3), done.

edusr@ERusso MINGW64 ~/onedrive/CTD/Introdução/Atividade2 (master)
$ cd introducao-informatica-atividade

edusr@ERusso MINGW64 ~/onedrive/CTD/Introdução/Atividade2/introducao-informatica-atividade (master)
$ git init
Reinitialized existing Git repository in C:/Users/edusr/OneDrive/CTD/Introdução/Atividade2/introducao-informatica-atividade/.git/

edusr@ERusso MINGW64 ~/onedrive/CTD/Introdução/Atividade2/introducao-informatica-atividade (master)
$ git init
Reinitialized existing Git repository in C:/Users/edusr/OneDrive/CTD/Introdução/Atividade2/introducao-informatica-atividade/.git/

edusr@ERusso MINGW64 ~/onedrive/CTD/Introdução/Atividade2/introducao-informatica-atividade (master)
$ touch text1.txt text2.txt text3.txt

edusr@ERusso MINGW64 ~/onedrive/CTD/Introdução/Atividade2/introducao-informatica-atividade (master)
$ git add .

edusr@ERusso MINGW64 ~/onedrive/CTD/Introdução/Atividade2/introducao-informatica-atividade (master)
$ git commit -m "Arquivos Iniciais"
[master 1795fff] Arquivos Iniciais
 3 files changed, 0 insertions(+), 0 deletions(-)
 create mode 100644 text1.txt
 create mode 100644 text2.txt
 create mode 100644 text3.txt

edusr@ERusso MINGW64 ~/onedrive/CTD/Introdução/Atividade2/introducao-informatica-atividade (master)
$ git status
On branch master
Your branch is ahead of 'origin/master' by 1 commit.
  (use "git push" to publish your local commits)

nothing to commit, working tree clean

edusr@ERusso MINGW64 ~/onedrive/CTD/Introdução/Atividade2/introducao-informatica-atividade (master)
$ git push origin master
Enumerating objects: 3, done.
Counting objects: 100% (3/3), done.
Delta compression using up to 8 threads
Compressing objects: 100% (2/2), done.
Writing objects: 100% (2/2), 266 bytes | 266.00 KiB/s, done.
Total 2 (delta 0), reused 0 (delta 0), pack-reused 0
To https://github.com/RenanMiranda95/introducao-informatica-atividade
   eef70ff..1795fff  master -> master

edusr@ERusso MINGW64 ~/onedrive/CTD/Introdução/Atividade2/introducao-informatica-atividade (master)
$ git pull
remote: Enumerating objects: 6, done.
remote: Counting objects: 100% (6/6), done.
remote: Compressing objects: 100% (3/3), done.
remote: Total 4 (delta 1), reused 4 (delta 1), pack-reused 0
Unpacking objects: 100% (4/4), 525 bytes | 23.00 KiB/s, done.
From https://github.com/RenanMiranda95/introducao-informatica-atividade
   1795fff..30c817e  master     -> origin/master
Updating 1795fff..30c817e
Fast-forward
 text4.txt | 0
 text5.txt | 0
 text6.txt | 0
 3 files changed, 0 insertions(+), 0 deletions(-)
 create mode 100644 text4.txt
 create mode 100644 text5.txt
 create mode 100644 text6.txt

edusr@ERusso MINGW64 ~/onedrive/CTD/Introdução/Atividade2/introducao-informatica-atividade (master)
$ git commit -m "Adição texto"
On branch master
Your branch is up to date with 'origin/master'.

Changes not staged for commit:
  (use "git add <file>..." to update what will be committed)
  (use "git restore <file>..." to discard changes in working directory)
        modified:   text1.txt
        modified:   text2.txt
        modified:   text3.txt

no changes added to commit (use "git add" and/or "git commit -a")

edusr@ERusso MINGW64 ~/onedrive/CTD/Introdução/Atividade2/introducao-informatica-atividade (master)
$ git status
On branch master
Your branch is up to date with 'origin/master'.

Changes not staged for commit:
  (use "git add <file>..." to update what will be committed)
  (use "git restore <file>..." to discard changes in working directory)
        modified:   text1.txt
        modified:   text2.txt
        modified:   text3.txt

no changes added to commit (use "git add" and/or "git commit -a")

edusr@ERusso MINGW64 ~/onedrive/CTD/Introdução/Atividade2/introducao-informatica-atividade (master)
$ git add .

edusr@ERusso MINGW64 ~/onedrive/CTD/Introdução/Atividade2/introducao-informatica-atividade (master)
$ git push origin master
Everything up-to-date

edusr@ERusso MINGW64 ~/onedrive/CTD/Introdução/Atividade2/introducao-informatica-atividade (master)
$ git push origin master
Everything up-to-date

edusr@ERusso MINGW64 ~/onedrive/CTD/Introdução/Atividade2/introducao-informatica-atividade (master)
$ git status
On branch master
Your branch is up to date with 'origin/master'.

Changes to be committed:
  (use "git restore --staged <file>..." to unstage)
        modified:   text1.txt
        modified:   text2.txt
        modified:   text3.txt


edusr@ERusso MINGW64 ~/onedrive/CTD/Introdução/Atividade2/introducao-informatica-atividade (master)
$ git add .

edusr@ERusso MINGW64 ~/onedrive/CTD/Introdução/Atividade2/introducao-informatica-atividade (master)
$ git push origin master
Everything up-to-date

edusr@ERusso MINGW64 ~/onedrive/CTD/Introdução/Atividade2/introducao-informatica-atividade (master)
$ git push
Everything up-to-date

edusr@ERusso MINGW64 ~/onedrive/CTD/Introdução/Atividade2/introducao-informatica-atividade (master)
$ git add .

edusr@ERusso MINGW64 ~/onedrive/CTD/Introdução/Atividade2/introducao-informatica-atividade (master)
$ git pull
remote: Enumerating objects: 9, done.
remote: Counting objects: 100% (7/7), done.
remote: Compressing objects: 100% (1/1), done.
remote: Total 5 (delta 1), reused 5 (delta 1), pack-reused 0
Unpacking objects: 100% (5/5), 388 bytes | 9.00 KiB/s, done.
From https://github.com/RenanMiranda95/introducao-informatica-atividade
   30c817e..2e693eb  master     -> origin/master
Updating 30c817e..2e693eb
Fast-forward
 text4.txt | 1 +
 text5.txt | 1 +
 text6.txt | 1 +
 3 files changed, 3 insertions(+)

edusr@ERusso MINGW64 ~/onedrive/CTD/Introdução/Atividade2/introducao-informatica-atividade (master)
$ git add .

edusr@ERusso MINGW64 ~/onedrive/CTD/Introdução/Atividade2/introducao-informatica-atividade (master)
$ git commit -m "Inserção de Texto"
[master 13bdad5] Inserção de Texto
 3 files changed, 3 insertions(+)

edusr@ERusso MINGW64 ~/onedrive/CTD/Introdução/Atividade2/introducao-informatica-atividade (master)
$ git push origin master
Enumerating objects: 9, done.
Counting objects: 100% (7/7), done.
Delta compression using up to 8 threads
Compressing objects: 100% (2/2), done.
Writing objects: 100% (5/5), 462 bytes | 462.00 KiB/s, done.
Total 5 (delta 0), reused 0 (delta 0), pack-reused 0
To https://github.com/RenanMiranda95/introducao-informatica-atividade
   2e693eb..13bdad5  master -> master

edusr@ERusso MINGW64 ~/onedrive/CTD/Introdução/Atividade2/introducao-informatica-atividade (master)
$ git add .

edusr@ERusso MINGW64 ~/onedrive/CTD/Introdução/Atividade2/introducao-informatica-atividade (master)
$ git commit -m "Alteração Text1"
[master 14eb211] Alteração Text1
 1 file changed, 2 insertions(+), 1 deletion(-)

edusr@ERusso MINGW64 ~/onedrive/CTD/Introdução/Atividade2/introducao-informatica-atividade (master)
$ git push origin master
Enumerating objects: 5, done.
Counting objects: 100% (5/5), done.
Delta compression using up to 8 threads
Compressing objects: 100% (2/2), done.
Writing objects: 100% (3/3), 301 bytes | 301.00 KiB/s, done.
Total 3 (delta 1), reused 0 (delta 0), pack-reused 0
remote: Resolving deltas: 100% (1/1), completed with 1 local object.
To https://github.com/RenanMiranda95/introducao-informatica-atividade
   13bdad5..14eb211  master -> master

edusr@ERusso MINGW64 ~/onedrive/CTD/Introdução/Atividade2/introducao-informatica-atividade (master)
$ git pull
remote: Enumerating objects: 5, done.
remote: Counting objects: 100% (5/5), done.
remote: Compressing objects: 100% (1/1), done.
remote: Total 3 (delta 1), reused 3 (delta 1), pack-reused 0
Unpacking objects: 100% (3/3), 296 bytes | 42.00 KiB/s, done.
From https://github.com/RenanMiranda95/introducao-informatica-atividade
   14eb211..b307ab4  master     -> origin/master
Updating 14eb211..b307ab4
Fast-forward
 text1.txt | 3 ++-
 1 file changed, 2 insertions(+), 1 deletion(-)

edusr@ERusso MINGW64 ~/onedrive/CTD/Introdução/Atividade2/introducao-informatica-atividade (master)
$ git pull
remote: Enumerating objects: 3, done.
remote: Counting objects: 100% (3/3), done.
remote: Compressing objects: 100% (1/1), done.
remote: Total 2 (delta 1), reused 2 (delta 1), pack-reused 0
Unpacking objects: 100% (2/2), 239 bytes | 59.00 KiB/s, done.
From https://github.com/RenanMiranda95/introducao-informatica-atividade
   b307ab4..f7b6fb4  master     -> origin/master
Updating b307ab4..f7b6fb4
Fast-forward
 text7.txt | 0
 1 file changed, 0 insertions(+), 0 deletions(-)
 create mode 100644 text7.txt

edusr@ERusso MINGW64 ~/onedrive/CTD/Introdução/Atividade2/introducao-informatica-atividade (master)
$ git add .

edusr@ERusso MINGW64 ~/onedrive/CTD/Introdução/Atividade2/introducao-informatica-atividade (master)
$ git commit -m "Texto7"
[master 352195e] Texto7
 1 file changed, 1 insertion(+)

edusr@ERusso MINGW64 ~/onedrive/CTD/Introdução/Atividade2/introducao-informatica-atividade (master)
$ git push origin master
Enumerating objects: 5, done.
Counting objects: 100% (5/5), done.
Delta compression using up to 8 threads
Compressing objects: 100% (2/2), done.
Writing objects: 100% (3/3), 288 bytes | 288.00 KiB/s, done.
Total 3 (delta 1), reused 0 (delta 0), pack-reused 0
remote: Resolving deltas: 100% (1/1), completed with 1 local object.
To https://github.com/RenanMiranda95/introducao-informatica-atividade
   f7b6fb4..352195e  master -> master

edusr@ERusso MINGW64 ~/onedrive/CTD/Introdução/Atividade2/introducao-informatica-atividade (master)
$
